This is first demo

hi@user MINGW64 ~/Desktop/GitDemo (master)
$ git init
Initialized empty Git repository in C:/Users/hi/Desktop/GitDemo/.git/

hi@user MINGW64 ~/Desktop/GitDemo (master)
$ git status
On branch master

No commits yet

Untracked files:
  (use "git add <file>..." to include in what will be committed)
        HI.txt

nothing added to commit but untracked files present (use "git add" to track)

hi@user MINGW64 ~/Desktop/GitDemo (master)
$ git add .

hi@user MINGW64 ~/Desktop/GitDemo (master)
$ git status
On branch master

No commits yet

Changes to be committed:
  (use "git rm --cached <file>..." to unstage)
        new file:   HI.txt


hi@user MINGW64 ~/Desktop/GitDemo (master)
$ git commint -m"first commit"
git: 'commint' is not a git command. See 'git --help'.

The most similar command is
        commit

hi@user MINGW64 ~/Desktop/GitDemo (master)
$ git commit -m "first commit"
Author identity unknown

*** Please tell me who you are.

Run

  git config --global user.email "you@example.com"
  git config --global user.name "Your Name"

to set your account's default identity.
Omit --global to set the identity only in this repository.

fatal: unable to auto-detect email address (got 'hi@user.(none)')

hi@user MINGW64 ~/Desktop/GitDemo (master)
$ git config --global user.email "yugandhar21995@gmail.com"

hi@user MINGW64 ~/Desktop/GitDemo (master)
$ git config --global user.name "yugandhar"

hi@user MINGW64 ~/Desktop/GitDemo (master)
$ git commit -m "first commit"
[master (root-commit) fe275dd] first commit
 1 file changed, 1 insertion(+)
 create mode 100644 HI.txt

hi@user MINGW64 ~/Desktop/GitDemo (master)
$ git remote add origin https://github.com/Yugandhar-sy/GitDemo.git

hi@user MINGW64 ~/Desktop/GitDemo (master)
$ git push -u origin master

